
> methsara-publications-client@1.0.0 build
> react-scripts build

Creating an optimized production build...
Failed to compile.

[eslint] 
src\epics\E3_OrderAndTransaction\pages\Checkout.jsx
  Line 140:10:  'voucherCode' is not defined        no-undef
  Line 143:15:  'voucherCode' is not defined        no-undef
  Line 145:7:   'setAppliedVoucher' is not defined  no-undef
  Line 236:26:  'appliedVoucher' is not defined     no-undef
  Line 279:37:  'appliedVoucher' is not defined     no-undef
  Line 280:16:  'appliedVoucher' is not defined     no-undef
  Line 673:26:  'voucherCode' is not defined        no-undef
  Line 674:36:  'setVoucherCode' is not defined     no-undef
  Line 689:16:  'appliedVoucher' is not defined     no-undef
  Line 692:20:  'appliedVoucher' is not defined     no-undef
  Line 693:20:  'appliedVoucher' is not defined     no-undef

Search for the keywords to learn more about each error.


